[www.theearthsafari.com/forests-of-india.html]
[backblue.gif]
[fade.gif]
[index.html]
[ajax.googleapis.com/ajax/libs/jquery/1.11.1/jquery.min.js]
[www.theearthsafari.com/assets/css/bootstrap.min.css]
[www.theearthsafari.com/assets/css/font-awesome.min.css]
[www.theearthsafari.com/assets/css/slick.css]
[www.theearthsafari.com/assets/css/main.css]
[www.theearthsafari.com/assets/css/media.css]
[www.theearthsafari.com/assets/img/the-earth-safari-logo.png]
[www.theearthsafari.com/index.html]
[www.theearthsafari.com/about-us.html]
[www.theearthsafari.com/client-testimonials.html]
[www.theearthsafari.com/contact-us.html]
[www.theearthsafari.com/blog/index.html]
[www.theearthsafari.com/destination/ranthambore-national-park.html]
[www.theearthsafari.com/destination/bandhavgarh-national-park.html]
[www.theearthsafari.com/destination/kanha-national-park.html]
[www.theearthsafari.com/destination/pench-national-park.html]
[www.theearthsafari.com/destination/tadoba-andhari-tiger-reserve.html]
[www.theearthsafari.com/destination/jim-corbett-national-park.html]
[www.theearthsafari.com/destination/gir-forest-national-park.html]
[www.theearthsafari.com/destination/kaziranga-national-park.html]
[www.theearthsafari.com/destination/sunderbans-national-park.html]
[www.theearthsafari.com/interest/tiger-safari-india.html]
[www.theearthsafari.com/interest/india-high-end-luxury-safaris.html]
[www.theearthsafari.com/interest/india-short-duration-safaris.html]
[www.theearthsafari.com/interest/india-culture-and-heritage-tours.html]
[www.theearthsafari.com/private-safari.html]
[www.theearthsafari.com/group-safari.html]
[www.theearthsafari.com/assets/img/forests-of-india.jpg]
[www.theearthsafari.com/assets/img/saran-vaid-img.jpg]
[www.theearthsafari.com/wildlife-associations.php]
[www.theearthsafari.com/assets/img/memberships.jpg]
[www.theearthsafari.com/responsible-ecotourism.html]
[www.theearthsafari.com/safari-code-of-conduct.html]
[www.theearthsafari.com/wildlife-photography-tips.html]
[www.theearthsafari.com/checklist-of-birds-of-india.html]
[www.theearthsafari.com/popular-animal-species-of-india.html]
[www.theearthsafari.com/safari-packing-check-list.html]
[www.theearthsafari.com/indian-wildlife-map-table.html]
[www.theearthsafari.com/list-of-tiger-reserves-in-india.html]
[www.theearthsafari.com/india-wildlife-experience.html]
[www.theearthsafari.com/destination/kenya.html]
[www.theearthsafari.com/destination/tanzania.html]
[www.theearthsafari.com/india-quick-facts.html]
[www.theearthsafari.com/tips-for-travel-in-india.html]
[www.theearthsafari.com/india-visa-info.html]
[www.theearthsafari.com/terms.html]
[www.theearthsafari.com/sitemap.xml]
[www.googleadservices.com/pagead/f.txt]
[www.theearthsafari.com/sitemap.html]
[www.google.com/recaptcha/api.js]
[cdnjs.cloudflare.com/ajax/libs/jquery-validate/1.19.1/jquery.validate.min.js]
[www.theearthsafari.com/assets/js/slick.js]
[www.theearthsafari.com/forests-of-india.html]
[www.theearthsafari.com/assets/js/init.js]
[www.theearthsafari.com/assets/fonts/glyphicons-halflings-regular.eot]
[www.theearthsafari.com/assets/fonts/glyphicons-halflings-regulard41d.eot]
[www.theearthsafari.com/assets/fonts/glyphicons-halflings-regular.woff2]
[www.theearthsafari.com/assets/fonts/glyphicons-halflings-regular.woff]
[www.theearthsafari.com/assets/fonts/glyphicons-halflings-regular.ttf]
[www.theearthsafari.com/assets/fonts/glyphicons-halflings-regular.svg]
[www.theearthsafari.com/assets/css/bootstrap.min.css]
[www.theearthsafari.com/assets/fonts/fontawesome-webfont5b62.eot]
[www.theearthsafari.com/assets/fonts/fontawesome-webfontd41d.eot]
[www.theearthsafari.com/assets/fonts/fontawesome-webfont5b62.woff2]
[www.theearthsafari.com/assets/fonts/fontawesome-webfont5b62.woff]
[www.theearthsafari.com/assets/fonts/fontawesome-webfont5b62.ttf]
[www.theearthsafari.com/assets/css/font-awesome.min.css]
[www.theearthsafari.com/assets/css/slick.css]
[www.theearthsafari.com/assets/fonts/fontawesome-webfont5b62.svg]
[www.theearthsafari.com/assets/css/images/dot.gif]
[www.theearthsafari.com/assets/css/images/divider.gif]
[www.theearthsafari.com/assets/css/images/divider-repeat.gif]
[www.theearthsafari.com/assets/css/images/divider5-repeat.gif]
[www.theearthsafari.com/assets/css/images/bullet.gif]
[www.theearthsafari.com/assets/css/images/nav-top-bg.gif]
[www.theearthsafari.com/assets/css/images/nav-btm-bg.gif]
[www.theearthsafari.com/assets/css/images/nav-divider-dot.gif]
[www.theearthsafari.com/assets/css/images/subscribe-for-newsletter-bg.gif]
[www.theearthsafari.com/assets/css/images/select-box-bg.jpg]
[www.theearthsafari.com/assets/css/images/thumbnail-frame.gif]
[www.theearthsafari.com/assets/css/images/thumbnail-frame-roll.gif]
[www.theearthsafari.com/assets/css/images/footer-top-art.gif]
[www.theearthsafari.com/assets/css/images/tab-bg-dark.gif]
[www.theearthsafari.com/assets/css/images/tab-bg.gif]
[www.theearthsafari.com/assets/css/images/scroll-down-icon.gif]
[www.theearthsafari.com/assets/css/images/popup-bg-new.png]
[www.theearthsafari.com/assets/img/bottom-bg.png]
[www.theearthsafari.com/assets/img/bg.jpg]
[www.theearthsafari.com/assets/img/nav-top-bg.gif]
[www.theearthsafari.com/assets/img/slideshow-top-bar.jpg]
[www.theearthsafari.com/assets/img/slideshow-left-bar.jpg]
[www.theearthsafari.com/assets/img/subscribe-for-newsletter-bg.jpg]
[www.theearthsafari.com/assets/img/private.png]
[www.theearthsafari.com/assets/img/group.png]
[www.theearthsafari.com/assets/css/main.css]
[www.theearthsafari.com/assets/css/media.css]
[www.theearthsafari.com/assets/img/logo.png]
[www.theearthsafari.com/assets/img/slider-img-01.jpg]
[www.theearthsafari.com/assets/img/slider-img-02.jpg]
[www.theearthsafari.com/assets/img/slider-img-03.jpg]
[www.theearthsafari.com/assets/img/slider-img-05.jpg]
[www.theearthsafari.com/assets/img/slider-img-06.jpg]
[www.theearthsafari.com/assets/img/slider-img-07.jpg]
[www.theearthsafari.com/assets/img/slider-img-08.jpg]
[www.theearthsafari.com/assets/img/slider-img-09.jpg]
[www.theearthsafari.com/index.html]
[www.theearthsafari.com/assets/img/saran-vaid.jpg]
[www.theearthsafari.com/cdn-cgi/l/email-protection.html]
[www.theearthsafari.com/about-us.html]
[www.theearthsafari.com/client-testimonials.html]
[www.theearthsafari.com/contact-us.html]
[www.theearthsafari.com/blog/index.html]
[www.theearthsafari.com/cdn-cgi/scripts/5c5dd728/cloudflare-static/email-decode.min.js]
[www.theearthsafari.com/assets/css/magnific-popup.css]
[www.theearthsafari.com/upload/1355658268_ranthambhore-map.jpg]
[www.theearthsafari.com/upload/thumb/1355658268_ranthambhore-map.jpg]
[www.theearthsafari.com/itinerary-detail/3-days-ranthambore-tiger-safari-.html]
[www.theearthsafari.com/upload/1355626864_IMG_2249A.jpg]
[www.theearthsafari.com/itinerary-detail/4-days-ranthambore-tiger-safari-.html]
[www.theearthsafari.com/upload/1355715418_Ranthambore5.jpg]
[www.theearthsafari.com/itinerary-detail/8-days-golden-triangle-with-tiger-safari.html]
[www.theearthsafari.com/upload/1378119457_tajMahal_2360129b.jpg]
[www.theearthsafari.com/itinerary-detail/3-days-ranthambore-high-end-luxury-safari-at-oberoi-vanyavilas.html]
[www.theearthsafari.com/upload/1382014461_Oberoi Vanyavilas.jpg]
[www.theearthsafari.com/destination/ranthambore-national-park.html]
[www.theearthsafari.com/assets/js/jquery.magnific-popup.js]
[www.theearthsafari.com/upload/1349337498_bandhavgarh-map-big.png]
[www.theearthsafari.com/upload/thumb/1349337498_bandhavgarh-map-big.png]
[www.theearthsafari.com/itinerary-detail/3-days-bandhavgarh-tiger-safari.html]
[www.theearthsafari.com/upload/1356087095_Bandhavgarh tiger.jpg]
[www.theearthsafari.com/itinerary-detail/4-days-bandhavgarh-tiger-safari.html]
[www.theearthsafari.com/upload/1356090775_Bandhavgarh8.jpg]
[www.theearthsafari.com/destination/bandhavgarh-national-park.html]
[www.theearthsafari.com/upload/1349338408_kanha-national-park_large7.png]
[www.theearthsafari.com/upload/thumb/1349338408_kanha-national-park_large7.png]
[www.theearthsafari.com/itinerary-detail/3-days-kanha-tiger-safari.html]
[www.theearthsafari.com/upload/1357203729_Kanha-tiger1.jpg]
[www.theearthsafari.com/itinerary-detail/4-days-kanha-tiger-safari.html]
[www.theearthsafari.com/upload/1357208069_Pench National Park2.jpg]
[www.theearthsafari.com/destination/kanha-national-park.html]
[www.theearthsafari.com/upload/1349338763_pench-national-park-india.jpg]
[www.theearthsafari.com/upload/thumb/1349338763_pench-national-park-india.jpg]
[www.theearthsafari.com/itinerary-detail/3-days-pench-tiger-safari.html]
[www.theearthsafari.com/upload/1357213147_Pench-tiger.jpg]
[www.theearthsafari.com/itinerary-detail/4-days-pench-tiger-safari-.html]
[www.theearthsafari.com/upload/1357218494_Pench tiger.jpg]
[www.theearthsafari.com/destination/pench-national-park.html]
[www.theearthsafari.com/upload/1352100277_Tadoba-Andhari-Tiger-Reserve_large13.png]
[www.theearthsafari.com/upload/thumb/1352100277_Tadoba-Andhari-Tiger-Reserve_large13.png]
[www.theearthsafari.com/itinerary-detail/3-days-tadoba-tiger-safari.html]
[www.theearthsafari.com/upload/1409745158_Tiger Tadoba.jpg]
[www.theearthsafari.com/itinerary-detail/4-days-tadoba-tiger-safari.html]
[www.theearthsafari.com/upload/1409746948_Tadoba1.jpg]
[www.theearthsafari.com/destination/tadoba-andhari-tiger-reserve.html]
[www.theearthsafari.com/upload/1349343243_Corbett-National-Parks-_lage3.png]
[www.theearthsafari.com/upload/thumb/1349343243_Corbett-National-Parks-_lage3.png]
[www.theearthsafari.com/itinerary-detail/3-days-corbett-tiger-safari.html]
[www.theearthsafari.com/upload/1444745075_JimCorbett-1-1024x634.jpg]
[www.theearthsafari.com/itinerary-detail/3-days-dhikala-safari-package.html]
[www.theearthsafari.com/upload/1444651272_corbettjeepsafari.jpg]
[www.theearthsafari.com/itinerary-detail/5-days-corbett-explorer-safari.html]
[www.theearthsafari.com/upload/1444655068_Bengal-Tiger_Corbett_Uttarakhand_Dec-2013.jpg]
[www.theearthsafari.com/destination/jim-corbett-national-park.html]
[www.theearthsafari.com/upload/1349343607_Gir-Forest_large10.png]
[www.theearthsafari.com/upload/thumb/1349343607_Gir-Forest_large10.png]
[www.theearthsafari.com/itinerary-detail/3-days-gir-forest-lion-safari.html]
[www.theearthsafari.com/upload/1410520794_Gir_National_Park.jpg]
[www.theearthsafari.com/itinerary-detail/4-days-gir-forest-lion-safari.html]
[www.theearthsafari.com/upload/1410521905_Gir Forest National Park.jpg]
[www.theearthsafari.com/destination/gir-forest-national-park.html]
[www.theearthsafari.com/upload/1349343821_Kaziranga-National-Parks-_large8.png]
[www.theearthsafari.com/upload/thumb/1349343821_Kaziranga-National-Parks-_large8.png]
[www.theearthsafari.com/destination/kaziranga-national-park.html]
[www.theearthsafari.com/upload/1349344150_Sunderbans-National_11.png]
[www.theearthsafari.com/upload/thumb/1349344150_Sunderbans-National_11.png]
[www.theearthsafari.com/destination/sunderbans-national-park.html]
[www.theearthsafari.com/itinerary-detail/tigers--leopards--royal-rajasthan---taj-group-tour.html]
[www.theearthsafari.com/upload/1534850776_Tigers, Leopards, Royal Rajasthan & Taj.jpg]
[www.theearthsafari.com/itinerary-detail/inside-the-tiger-s-fortress-.html]
[www.theearthsafari.com/upload/1354352937_Tiger-india.jpg]
[www.theearthsafari.com/itinerary-detail/tigers-of-central-india.html]
[www.theearthsafari.com/upload/1354864320_tigerssmall.jpg]
[www.theearthsafari.com/itinerary-detail/the-kipling-s-trail.html]
[www.theearthsafari.com/upload/1355299170_Tiger safari india4.jpg]
[www.theearthsafari.com/itinerary-detail/rhinos--tigers-and-asiatic-lions.html]
[www.theearthsafari.com/upload/1408610954_R4692.jpg]
[www.theearthsafari.com/itinerary-detail/rhinos-and-mowgli-s-tigers.html]
[www.theearthsafari.com/upload/1408695878_tiger.jpg]
[www.theearthsafari.com/itinerary-detail/bengal-tigers-and-beaches-of-goa-.html]
[www.theearthsafari.com/upload/1408713648_Tiger and beach.jpg]
[www.theearthsafari.com/itinerary-detail/call-of-the-tiger.html]
[www.theearthsafari.com/upload/1355300491_Tiger-Safari-India20.jpg]
[www.theearthsafari.com/interest/tiger-safari-india.html]
[www.theearthsafari.com/itinerary-detail/the-maharajah-s-tiger--high-end-luxury-.html]
[www.theearthsafari.com/upload/1360327481_tiger-face2.jpg]
[www.theearthsafari.com/itinerary-detail/king-of-the-jungle--high-end-luxury-.html]
[www.theearthsafari.com/upload/1360672150_Tiger portrait.jpg]
[www.theearthsafari.com/interest/india-high-end-luxury-safaris.html]
[www.theearthsafari.com/interest/india-short-duration-safaris.html]
[www.theearthsafari.com/itinerary-detail/11-days-taj--palaces-and-temples-with-tiger-safari.html]
[www.theearthsafari.com/upload/1378127850_Hawa-Mahal-Jaipur.jpg]
[www.theearthsafari.com/itinerary-detail/16-days-glorious-rajasthan--ganges---taj-with-tiger-safari.html]
[www.theearthsafari.com/upload/1378303130_udaipur_city_palace2.jpg]
[www.theearthsafari.com/interest/india-culture-and-heritage-tours.html]
[www.theearthsafari.com/private-safari.html]
[www.theearthsafari.com/group-safari.html]
[www.theearthsafari.com/wildlife-associations.html]
[www.theearthsafari.com/assets/img/resp-eco.jpg]
[www.theearthsafari.com/responsible-ecotourism.html]
[www.theearthsafari.com/assets/img/safari-code-of-conduct.jpg]
[www.theearthsafari.com/safari-code-of-conduct.html]
[www.theearthsafari.com/images/popup-logo.png]
[www.theearthsafari.com/destination/south-africa.html]
[www.theearthsafari.com/interest/africa-safari-.html]
[www.theearthsafari.com/interest/africa-high-end-luxury-safaris-.html]
[www.theearthsafari.com/interest/great-annual-wildebeest-migration.html]
[www.theearthsafari.com/assets/img/Wildlife-Photography-Tips.jpg]
[www.theearthsafari.com/popular-national-parks-of-kenya.html]
[www.theearthsafari.com/wildlife-photography-tips.html]
[www.theearthsafari.com/popular-national-parks-of-tanzania.html]
[www.theearthsafari.com/assets/img/checklist-of-birds.jpg]
[www.theearthsafari.com/checklist-of-birds-of-india.html]
[www.theearthsafari.com/assets/img/popular-animal-species-ofindia.jpg]
[www.theearthsafari.com/popular-animal-species-of-india.html]
[www.theearthsafari.com/assets/img/Safari-luggage.jpg]
[www.theearthsafari.com/safari-packing-check-list.html]
[www.theearthsafari.com/indian-wildlife-map-table.html]
[www.theearthsafari.com/assets/img/Tiger1.jpg]
[www.theearthsafari.com/assets/img/tiger-reserve-map-india.jpg]
[www.theearthsafari.com/list-of-tiger-reserves-in-india.html]
[www.theearthsafari.com/assets/img/indian-wildlife-experience.jpg]
[www.theearthsafari.com/india-wildlife-safari.html]
[www.theearthsafari.com/tiger-safari-india.php]
[www.theearthsafari.com/india-wildlife-experience.html]
[www.theearthsafari.com/upload/1350548632_map_of_kenya.jpg]
[www.theearthsafari.com/upload/thumb/1350548632_map_of_kenya.jpg]
[www.theearthsafari.com/itinerary-detail/7-days-masai-mara-luxury-migration-safari-special-2022.html]
[www.theearthsafari.com/upload/1430819686_wildebeest-migration-river-crossing.jpg]
[www.theearthsafari.com/itinerary-detail/4-days-masai-mara-luxury-flying-safari---governors-camp.html]
[www.theearthsafari.com/upload/1439886396_Masai-Mara-flying-safari.jpg]
[www.theearthsafari.com/itinerary-detail/4-days-kenya-masai-mara-drive-in-safari-.html]
[www.theearthsafari.com/upload/1352287525_african-lion-masai-mara.jpg]
[www.theearthsafari.com/itinerary-detail/6-days-highlights-of-kenya.html]
[www.theearthsafari.com/upload/1355317498_Masai Mara.jpg]
[www.theearthsafari.com/itinerary-detail/7-days-kenya-big-five-safari.html]
[www.theearthsafari.com/upload/1353319100_Masai Mara lions.html]
[www.theearthsafari.com/destination/kenya.html]
[www.theearthsafari.com/destination/tanzania.html]
[www.theearthsafari.com/india-quick-facts.html]
[www.theearthsafari.com/tips-for-travel-in-india.html]
[www.theearthsafari.com/india-visa-info.html]
[www.theearthsafari.com/terms.html]
[www.theearthsafari.com/sitemap.html]
[www.theearthsafari.com/assets/fonts/glyphicons-halflings-regular.html]
[www.theearthsafari.com/assets/fonts/glyphicons-halflings-regulard41d.html]
[www.theearthsafari.com/assets/fonts/glyphicons-halflings-regular-2.html]
[www.theearthsafari.com/assets/fonts/glyphicons-halflings-regular-3.html]
[www.theearthsafari.com/assets/fonts/glyphicons-halflings-regular-4.html]
[www.theearthsafari.com/assets/fonts/glyphicons-halflings-regular-5.html]
[www.theearthsafari.com/assets/fonts/fontawesome-webfont5b62.svg]
[www.theearthsafari.com/assets/css/images/dot.html]
[www.theearthsafari.com/assets/css/images/divider.html]
[www.theearthsafari.com/assets/css/images/divider-repeat.html]
[www.theearthsafari.com/assets/css/images/divider5-repeat.html]
[www.theearthsafari.com/assets/css/images/bullet.html]
[www.theearthsafari.com/assets/css/images/nav-top-bg.html]
[www.theearthsafari.com/assets/css/images/nav-btm-bg.html]
[www.theearthsafari.com/assets/css/images/nav-divider-dot.html]
[www.theearthsafari.com/assets/css/images/subscribe-for-newsletter-bg.html]
[www.theearthsafari.com/assets/css/images/select-box-bg.html]
[www.theearthsafari.com/assets/css/images/thumbnail-frame.html]
[www.theearthsafari.com/assets/css/images/thumbnail-frame-roll.html]
[www.theearthsafari.com/assets/css/images/footer-top-art.html]
[www.theearthsafari.com/assets/css/images/tab-bg-dark.html]
[www.theearthsafari.com/assets/css/images/tab-bg.html]
[www.theearthsafari.com/assets/css/images/scroll-down-icon.html]
[www.theearthsafari.com/assets/css/images/popup-bg-new.html]
[www.theearthsafari.com/cdn-cgi/l/email-protection.html]
[www.theearthsafari.com/assets/css/magnific-popup.css]
[www.theearthsafari.com/itinerary-detail/3-days-ranthambore-tiger-safari-.html]
[www.theearthsafari.com/itinerary-detail/4-days-ranthambore-tiger-safari-.html]
[www.theearthsafari.com/itinerary-detail/8-days-golden-triangle-with-tiger-safari.html]
[www.theearthsafari.com/itinerary-detail/3-days-ranthambore-high-end-luxury-safari-at-oberoi-vanyavilas.html]
[www.theearthsafari.com/itinerary-detail/3-days-bandhavgarh-tiger-safari.html]
[www.theearthsafari.com/itinerary-detail/4-days-bandhavgarh-tiger-safari.html]
[www.theearthsafari.com/itinerary-detail/3-days-kanha-tiger-safari.html]
